

==================================================================================
=== CALIBRE::DRC-H SUMMARY REPORT
===
Execution Date/Time:       Thu Oct 17 23:49:35 2024
Calibre Version:           v2022.4_37.20    Fri Dec 2 17:41:13 PST 2022
Rule File Pathname:        _drc.rule_
Rule File Title:           
Layout System:             GDS
Layout Path(s):            test_1017.calibre.db
Layout Primary Cell:       test_1017
Current Directory:         /home/user/wrk/standard_113/drc
User Name:                 user
Maximum Results/RuleCheck: 1000
Maximum Result Vertices:   4096
DRC Results Database:      test_1017.drc.results (ASCII)
Layout Depth:              ALL
Text Depth:                PRIMARY
Summary Report File:       test_1017.drc.summary (REPLACE)
Geometry Flagging:         ACUTE = YES  SKEW = YES  ANGLED = NO  OFFGRID = YES
                           NONSIMPLE POLYGON = YES  NONSIMPLE PATH = NO
Excluded Cells:           
CheckText Mapping:         ALL TEXT
Layers:                    MEMORY-BASED
Keep Empty Checks:         YES
----------------------------------------------------------------------------------
--- RUNTIME WARNINGS
---
DISCONNECT operations are present without DRC INCREMENTAL CONNECT YES specified.
EXCLUDE CELL name InputExcludeCell is not located within the input layout database.
Layer 3 contains unmapped objects and is the source layer of LAYER MAP == 3 DATATYPE == 1.
----------------------------------------------------------------------------------
--- ORIGINAL LAYER STATISTICS
---
LAYER PDIFFi .... TOTAL Original Geometry Count = 0  (0)
LAYER NDIFFi .... TOTAL Original Geometry Count = 0  (0)
LAYER DIFFi ..... TOTAL Original Geometry Count = 4  (4)
LAYER POLYi ..... TOTAL Original Geometry Count = 3  (3)
LAYER RPOi ...... TOTAL Original Geometry Count = 0  (0)
LAYER NPi ....... TOTAL Original Geometry Count = 2  (2)
LAYER PPi ....... TOTAL Original Geometry Count = 2  (2)
LAYER RWDMY ..... TOTAL Original Geometry Count = 0  (0)
LAYER NWELi ..... TOTAL Original Geometry Count = 1  (1)
LAYER M1SLOTi ... TOTAL Original Geometry Count = 0  (0)
LAYER M1DMY ..... TOTAL Original Geometry Count = 0  (0)
LAYER M1i ....... TOTAL Original Geometry Count = 9  (9)
LAYER M2SLOTi ... TOTAL Original Geometry Count = 0  (0)
LAYER M2DMY ..... TOTAL Original Geometry Count = 0  (0)
LAYER M2i ....... TOTAL Original Geometry Count = 0  (0)
LAYER M3SLOTi ... TOTAL Original Geometry Count = 0  (0)
LAYER M3DMY ..... TOTAL Original Geometry Count = 0  (0)
LAYER M3i ....... TOTAL Original Geometry Count = 0  (0)
LAYER MDSLOTi ... TOTAL Original Geometry Count = 0  (0)
LAYER MDDMY ..... TOTAL Original Geometry Count = 0  (0)
LAYER MDi ....... TOTAL Original Geometry Count = 0  (0)
LAYER EXCL ...... TOTAL Original Geometry Count = 0  (0)
LAYER OD2i ...... TOTAL Original Geometry Count = 0  (0)
LAYER COi ....... TOTAL Original Geometry Count = 13 (13)
LAYER VIA1i ..... TOTAL Original Geometry Count = 0  (0)
LAYER VIA2i ..... TOTAL Original Geometry Count = 0  (0)
LAYER VIADi ..... TOTAL Original Geometry Count = 0  (0)
LAYER CBi ....... TOTAL Original Geometry Count = 0  (0)
LAYER NTNi ...... TOTAL Original Geometry Count = 0  (0)
LAYER FWI ....... TOTAL Original Geometry Count = 0  (0)
LAYER LWI ....... TOTAL Original Geometry Count = 0  (0)
LAYER DNWi ...... TOTAL Original Geometry Count = 0  (0)
LAYER CTM2i ..... TOTAL Original Geometry Count = 0  (0)
LAYER CTM3i ..... TOTAL Original Geometry Count = 0  (0)
LAYER CTM4i ..... TOTAL Original Geometry Count = 0  (0)
LAYER CTM5i ..... TOTAL Original Geometry Count = 0  (0)
LAYER SDI ....... TOTAL Original Geometry Count = 0  (0)
LAYER RPDMY ..... TOTAL Original Geometry Count = 0  (0)
LAYER RLPPDMY ... TOTAL Original Geometry Count = 0  (0)
LAYER DMN2V ..... TOTAL Original Geometry Count = 0  (0)
LAYER DMP2V ..... TOTAL Original Geometry Count = 0  (0)
LAYER PMDMY ..... TOTAL Original Geometry Count = 0  (0)
LAYER WBDMY ..... TOTAL Original Geometry Count = 0  (0)
LAYER DPDMY ..... TOTAL Original Geometry Count = 0  (0)
LAYER PLDMY ..... TOTAL Original Geometry Count = 0  (0)
LAYER UBMi ...... TOTAL Original Geometry Count = 0  (0)
LAYER ESD1DMY ... TOTAL Original Geometry Count = 0  (0)
LAYER ESD2DMY ... TOTAL Original Geometry Count = 0  (0)
LAYER CTMDMY .... TOTAL Original Geometry Count = 0  (0)
LAYER ESD3DMY ... TOTAL Original Geometry Count = 0  (0)
LAYER DRCDMY .... TOTAL Original Geometry Count = 0  (0)
----------------------------------------------------------------------------------
--- RULECHECK RESULTS STATISTICS
---
RULECHECK HRI.WARN .......... TOTAL Result Count = 0 (0)
RULECHECK NW.W.1 ............ TOTAL Result Count = 0 (0)
RULECHECK NW.W.2 ............ NOT EXECUTED
RULECHECK NW.S.1 ............ NOT EXECUTED
RULECHECK NW.S.2 ............ TOTAL Result Count = 0 (0)
RULECHECK NWR.E.1 ........... TOTAL Result Count = 0 (0)
RULECHECK NWR.E.2 ........... TOTAL Result Count = 0 (0)
RULECHECK NWR.C.1 ........... TOTAL Result Count = 0 (0)
RULECHECK NWR.C.2 ........... TOTAL Result Count = 0 (0)
RULECHECK NWR.C.3 ........... TOTAL Result Count = 0 (0)
RULECHECK NWR.O.1 ........... TOTAL Result Count = 0 (0)
RULECHECK NWR.R.1 ........... TOTAL Result Count = 0 (0)
RULECHECK NWR.E.3 ........... TOTAL Result Count = 0 (0)
RULECHECK NT_N.I.2 .......... TOTAL Result Count = 0 (0)
RULECHECK NT_N.I.3 .......... TOTAL Result Count = 0 (0)
RULECHECK NT_N.I.4 .......... TOTAL Result Count = 0 (0)
RULECHECK NT_N.W.1 .......... TOTAL Result Count = 0 (0)
RULECHECK NT_N.W.2 .......... TOTAL Result Count = 0 (0)
RULECHECK NT_N.W.2B ......... TOTAL Result Count = 0 (0)
RULECHECK NT_N.E.1 .......... TOTAL Result Count = 0 (0)
RULECHECK NT_N.S.1 .......... TOTAL Result Count = 0 (0)
RULECHECK NT_N.C.1 .......... TOTAL Result Count = 0 (0)
RULECHECK NT_N.C.2 .......... TOTAL Result Count = 0 (0)
RULECHECK NT_N.PO.1 ......... TOTAL Result Count = 0 (0)
RULECHECK OD.W.1_OD.W.2 ..... TOTAL Result Count = 0 (0)
RULECHECK OD.S.1 ............ TOTAL Result Count = 0 (0)
RULECHECK OD.C.1 ............ TOTAL Result Count = 0 (0)
RULECHECK OD.C.2_OD.C.3 ..... TOTAL Result Count = 0 (0)
RULECHECK OD.C.4 ............ TOTAL Result Count = 0 (0)
RULECHECK OD.C.5 ............ TOTAL Result Count = 0 (0)
RULECHECK OD.W.3 ............ TOTAL Result Count = 0 (0)
RULECHECK OD.A.1 ............ TOTAL Result Count = 0 (0)
RULECHECK OD2.E.1 ........... TOTAL Result Count = 0 (0)
RULECHECK OD2.S.1 ........... TOTAL Result Count = 0 (0)
RULECHECK OD2.C.1 ........... TOTAL Result Count = 0 (0)
RULECHECK OD2.C.2 ........... TOTAL Result Count = 0 (0)
RULECHECK OD2.E.2 ........... TOTAL Result Count = 0 (0)
RULECHECK PO.W.3 ............ TOTAL Result Count = 0 (0)
RULECHECK PO.W.1B ........... TOTAL Result Count = 0 (0)
RULECHECK PO.W.2B ........... TOTAL Result Count = 0 (0)
RULECHECK PO.S.1 ............ TOTAL Result Count = 0 (0)
RULECHECK PO.S.2_PO.S.3 ..... TOTAL Result Count = 0 (0)
RULECHECK PO.C.1 ............ TOTAL Result Count = 1 (1)
RULECHECK PO.C.2 ............ TOTAL Result Count = 0 (0)
RULECHECK PO.O.1 ............ TOTAL Result Count = 0 (0)
RULECHECK PO.R.1A ........... TOTAL Result Count = 0 (0)
RULECHECK PO.R.1B ........... TOTAL Result Count = 0 (0)
RULECHECK PO.R.2 ............ TOTAL Result Count = 0 (0)
RULECHECK PP.W.1 ............ TOTAL Result Count = 0 (0)
RULECHECK PP.S.1 ............ TOTAL Result Count = 0 (0)
RULECHECK PP.C.1 ............ TOTAL Result Count = 0 (0)
RULECHECK PP.C.2 ............ TOTAL Result Count = 0 (0)
RULECHECK PP.O.1 ............ TOTAL Result Count = 0 (0)
RULECHECK PP.E.1 ............ TOTAL Result Count = 0 (0)
RULECHECK PP.E.1_NP.E.1 ..... TOTAL Result Count = 0 (0)
RULECHECK PP.E.3 ............ TOTAL Result Count = 0 (0)
RULECHECK PP.E.4 ............ TOTAL Result Count = 0 (0)
RULECHECK PP.E.6 ............ TOTAL Result Count = 0 (0)
RULECHECK PP.R.1_NP.R.1 ..... TOTAL Result Count = 0 (0)
RULECHECK PP.R.3_NP.R.3 ..... TOTAL Result Count = 0 (0)
RULECHECK NP.W.1 ............ TOTAL Result Count = 0 (0)
RULECHECK NP.S.1 ............ TOTAL Result Count = 0 (0)
RULECHECK NP.C.1 ............ TOTAL Result Count = 0 (0)
RULECHECK NP.C.2 ............ TOTAL Result Count = 0 (0)
RULECHECK NP.C.3 ............ TOTAL Result Count = 0 (0)
RULECHECK NP.O.1 ............ TOTAL Result Count = 0 (0)
RULECHECK NP.E.1 ............ TOTAL Result Count = 0 (0)
RULECHECK NP.E.3 ............ TOTAL Result Count = 0 (0)
RULECHECK NP.E.6 ............ TOTAL Result Count = 0 (0)
RULECHECK RPO.W.1 ........... TOTAL Result Count = 0 (0)
RULECHECK RPO.S.1 ........... TOTAL Result Count = 0 (0)
RULECHECK RPO.C.1 ........... TOTAL Result Count = 0 (0)
RULECHECK RPO.C.2 ........... TOTAL Result Count = 0 (0)
RULECHECK RPO.C.3 ........... TOTAL Result Count = 0 (0)
RULECHECK RPO.C.4 ........... TOTAL Result Count = 0 (0)
RULECHECK RPO.E.1 ........... TOTAL Result Count = 0 (0)
RULECHECK RPO.C.5 ........... TOTAL Result Count = 0 (0)
RULECHECK RPO.C.6 ........... TOTAL Result Count = 0 (0)
RULECHECK RPO.A.1 ........... TOTAL Result Count = 0 (0)
RULECHECK CO.W.1 ............ TOTAL Result Count = 0 (0)
RULECHECK CO.S.1 ............ TOTAL Result Count = 0 (0)
RULECHECK CO.S.2 ............ TOTAL Result Count = 0 (0)
RULECHECK CO.C.1_CO.R.1 ..... TOTAL Result Count = 0 (0)
RULECHECK CO.C.2 ............ TOTAL Result Count = 0 (0)
RULECHECK CO.E.1 ............ TOTAL Result Count = 0 (0)
RULECHECK CO.E.2 ............ TOTAL Result Count = 0 (0)
RULECHECK CO.E.3 ............ TOTAL Result Count = 0 (0)
RULECHECK CO.E.4 ............ TOTAL Result Count = 0 (0)
RULECHECK M1.W.1 ............ TOTAL Result Count = 0 (0)
RULECHECK M1.S.1 ............ TOTAL Result Count = 0 (0)
RULECHECK M1.S.2 ............ TOTAL Result Count = 0 (0)
RULECHECK M1.E.2 ............ TOTAL Result Count = 0 (0)
RULECHECK M1.A.1 ............ TOTAL Result Count = 0 (0)
RULECHECK VIA1.W.1 .......... TOTAL Result Count = 0 (0)
RULECHECK VIA1.S.1 .......... TOTAL Result Count = 0 (0)
RULECHECK VIA1.E.1 .......... TOTAL Result Count = 0 (0)
RULECHECK VIA1.E.2 .......... TOTAL Result Count = 0 (0)
RULECHECK M2.W.1 ............ TOTAL Result Count = 0 (0)
RULECHECK M2.S.1 ............ TOTAL Result Count = 0 (0)
RULECHECK M2.S.2 ............ TOTAL Result Count = 0 (0)
RULECHECK M2.E.1 ............ TOTAL Result Count = 0 (0)
RULECHECK M2.E.2 ............ TOTAL Result Count = 0 (0)
RULECHECK M2.A.1 ............ TOTAL Result Count = 0 (0)
RULECHECK VIA2.W.1 .......... TOTAL Result Count = 0 (0)
RULECHECK VIA2.S.1 .......... TOTAL Result Count = 0 (0)
RULECHECK VIA2.E.1 .......... TOTAL Result Count = 0 (0)
RULECHECK VIA2.E.2 .......... TOTAL Result Count = 0 (0)
RULECHECK VIAD.W.1 .......... TOTAL Result Count = 0 (0)
RULECHECK VIAD.S.1 .......... TOTAL Result Count = 0 (0)
RULECHECK VIAD.E.1 .......... TOTAL Result Count = 0 (0)
RULECHECK VIAD.E.2 .......... TOTAL Result Count = 0 (0)
RULECHECK M3.W.1 ............ TOTAL Result Count = 0 (0)
RULECHECK M3.S.1 ............ TOTAL Result Count = 0 (0)
RULECHECK M3.S.2 ............ TOTAL Result Count = 0 (0)
RULECHECK M3.E.1 ............ TOTAL Result Count = 0 (0)
RULECHECK M3.A.1 ............ TOTAL Result Count = 0 (0)
RULECHECK MD.W.1 ............ TOTAL Result Count = 0 (0)
RULECHECK MD.S.1 ............ TOTAL Result Count = 0 (0)
RULECHECK MD.S.2 ............ TOTAL Result Count = 0 (0)
RULECHECK MD.E.1 ............ TOTAL Result Count = 0 (0)
RULECHECK MD.A.1 ............ TOTAL Result Count = 0 (0)
RULECHECK MD.R.1 ............ TOTAL Result Count = 0 (0)
RULECHECK ADP.R.0A .......... TOTAL Result Count = 0 (0)
RULECHECK ADP.R.0B .......... TOTAL Result Count = 0 (0)
RULECHECK ADP.R.0C .......... TOTAL Result Count = 0 (0)
RULECHECK ADP.S.1_VIA1 ...... TOTAL Result Count = 0 (0)
RULECHECK ADP.S.1_VIA2 ...... TOTAL Result Count = 0 (0)
RULECHECK ADP.S.1_VIAD ...... TOTAL Result Count = 0 (0)
RULECHECK ADP.C.2_V1_V2 ..... TOTAL Result Count = 0 (0)
RULECHECK ADP.C.2_V2_VD ..... TOTAL Result Count = 0 (0)
RULECHECK ADP.E.1_V1_M1 ..... TOTAL Result Count = 0 (0)
RULECHECK ADP.E.1_V1_M2 ..... TOTAL Result Count = 0 (0)
RULECHECK ADP.E.1_V2_M2 ..... TOTAL Result Count = 0 (0)
RULECHECK ADP.E.1_V2_M3 ..... TOTAL Result Count = 0 (0)
RULECHECK ADP.E.1_VD_M3 ..... TOTAL Result Count = 0 (0)
RULECHECK ADP.E.1_VD_MD ..... TOTAL Result Count = 0 (0)
RULECHECK ADP.S.2 ........... TOTAL Result Count = 0 (0)
RULECHECK ADP.W.3 ........... TOTAL Result Count = 0 (0)
RULECHECK ADP.W.4 ........... TOTAL Result Count = 0 (0)
RULECHECK ADP.R.0D .......... TOTAL Result Count = 0 (0)
RULECHECK ADP.S.4_V1 ........ TOTAL Result Count = 0 (0)
RULECHECK ADP.S.4_V2 ........ TOTAL Result Count = 0 (0)
RULECHECK ADP.S.4_VD ........ TOTAL Result Count = 0 (0)
RULECHECK ADP.C.3_V1_V2 ..... TOTAL Result Count = 0 (0)
RULECHECK ADP.C.3_V2_VD ..... TOTAL Result Count = 0 (0)
RULECHECK ADP.E.2_V1_M1 ..... TOTAL Result Count = 0 (0)
RULECHECK ADP.E.2_V1_M2 ..... TOTAL Result Count = 0 (0)
RULECHECK ADP.E.2_V2_M2 ..... TOTAL Result Count = 0 (0)
RULECHECK ADP.E.2_V2_M3 ..... TOTAL Result Count = 0 (0)
RULECHECK ADP.E.2_VD_M3 ..... TOTAL Result Count = 0 (0)
RULECHECK ADP.E.2_VD_MD ..... TOTAL Result Count = 0 (0)
RULECHECK AMS.1.M1 .......... TOTAL Result Count = 0 (0)
RULECHECK AMS.DN.M1 ......... TOTAL Result Count = 0 (0)
RULECHECK AM.W.1.M1 ......... TOTAL Result Count = 0 (0)
RULECHECK AMS.1.M2 .......... TOTAL Result Count = 0 (0)
RULECHECK AMS.DN.M2 ......... TOTAL Result Count = 0 (0)
RULECHECK AM.W.1.M2 ......... TOTAL Result Count = 0 (0)
RULECHECK AMS.1.M3 .......... TOTAL Result Count = 0 (0)
RULECHECK AMS.DN.M3 ......... TOTAL Result Count = 0 (0)
RULECHECK AM.W.1.M3 ......... TOTAL Result Count = 0 (0)
RULECHECK AMS.1.MD .......... TOTAL Result Count = 0 (0)
RULECHECK AMS.DN.MD ......... TOTAL Result Count = 0 (0)
RULECHECK AM.W.1.MD ......... TOTAL Result Count = 0 (0)
RULECHECK ESD.22 ............ TOTAL Result Count = 0 (0)
RULECHECK ESD.GUIDE.4 ....... TOTAL Result Count = 0 (0)
RULECHECK ESD.5A ............ TOTAL Result Count = 0 (0)
RULECHECK ESD.5B ............ TOTAL Result Count = 0 (0)
RULECHECK ESD.5C ............ TOTAL Result Count = 0 (0)
RULECHECK ESD.WARN.1 ........ TOTAL Result Count = 0 (0)
RULECHECK ESD.5D ............ TOTAL Result Count = 0 (0)
RULECHECK ESD.5E ............ TOTAL Result Count = 0 (0)
RULECHECK ESD.5F ............ TOTAL Result Count = 0 (0)
RULECHECK ESD.5G ............ TOTAL Result Count = 0 (0)
RULECHECK ESD.5H ............ TOTAL Result Count = 0 (0)
RULECHECK ESD.5I ............ TOTAL Result Count = 0 (0)
RULECHECK ESD.6 ............. TOTAL Result Count = 0 (0)
RULECHECK ESD.9A ............ TOTAL Result Count = 0 (0)
RULECHECK ESD.9B ............ TOTAL Result Count = 0 (0)
RULECHECK ESD.9C ............ TOTAL Result Count = 0 (0)
RULECHECK ESD.11 ............ TOTAL Result Count = 0 (0)
RULECHECK LAT.2 ............. TOTAL Result Count = 0 (0)
RULECHECK LAT.3P ............ TOTAL Result Count = 0 (0)
RULECHECK LAT.3N ............ TOTAL Result Count = 0 (0)
RULECHECK CTM.TITLE.1 ....... TOTAL Result Count = 0 (0)
RULECHECK CTM.W.1 ........... TOTAL Result Count = 0 (0)
RULECHECK CTM.W.2 ........... TOTAL Result Count = 0 (0)
RULECHECK CTM.S.1 ........... TOTAL Result Count = 0 (0)
RULECHECK CTM.S.2 ........... TOTAL Result Count = 0 (0)
RULECHECK CTM.S.3 ........... TOTAL Result Count = 0 (0)
RULECHECK CTM.S.6 ........... TOTAL Result Count = 0 (0)
RULECHECK CTM.E.1 ........... TOTAL Result Count = 0 (0)
RULECHECK CTM.E.2 ........... TOTAL Result Count = 0 (0)
RULECHECK CTM.E.3 ........... TOTAL Result Count = 0 (0)
RULECHECK CTM.C.1 ........... TOTAL Result Count = 0 (0)
RULECHECK CTM.R.2 ........... TOTAL Result Count = 0 (0)
RULECHECK CTM.S.4 ........... TOTAL Result Count = 0 (0)
RULECHECK CTM.S.4a .......... TOTAL Result Count = 0 (0)
RULECHECK CTM.S.5 ........... TOTAL Result Count = 0 (0)
RULECHECK CTM.R.4 ........... TOTAL Result Count = 0 (0)
RULECHECK CTM.I.1 ........... TOTAL Result Count = 0 (0)
RULECHECK CTM.I.2 ........... TOTAL Result Count = 0 (0)
RULECHECK CTM.I.3 ........... TOTAL Result Count = 0 (0)
RULECHECK CTM.I.4 ........... TOTAL Result Count = 0 (0)
RULECHECK CTM.A.1 ........... TOTAL Result Count = 0 (0)
RULECHECK CAL.ERR.ODNW ...... TOTAL Result Count = 0 (0)
RULECHECK CAL.ERR.PAD1 ...... TOTAL Result Count = 0 (0)
RULECHECK CAL.ERR.PAD2 ...... TOTAL Result Count = 0 (0)
RULECHECK CAL.ERR.ESDDMY .... TOTAL Result Count = 0 (0)
RULECHECK CAL.ERR.DMNP2V .... TOTAL Result Count = 0 (0)
RULECHECK CAL.ERR.FUSE.M1 ... TOTAL Result Count = 0 (0)
RULECHECK CAL.ERR.FUSE.M2 ... TOTAL Result Count = 0 (0)
RULECHECK CAL.ERR.FUSE.M3 ... TOTAL Result Count = 0 (0)
RULECHECK CAL.ERR.FUSE.MD ... TOTAL Result Count = 0 (0)
RULECHECK DNW.I.1 ........... TOTAL Result Count = 0 (0)
RULECHECK DNW.I.6 ........... TOTAL Result Count = 0 (0)
RULECHECK DNW.I.7 ........... TOTAL Result Count = 0 (0)
RULECHECK DNW.W.1 ........... TOTAL Result Count = 0 (0)
RULECHECK DNW.S.1 ........... TOTAL Result Count = 0 (0)
RULECHECK DNW.E.1 ........... TOTAL Result Count = 0 (0)
RULECHECK DNW.O.1 ........... TOTAL Result Count = 0 (0)
RULECHECK DNW.C.1 ........... TOTAL Result Count = 0 (0)
RULECHECK DNW.C.2_DNW.C.3 ... TOTAL Result Count = 0 (0)
RULECHECK DNW.C.4 ........... TOTAL Result Count = 0 (0)
RULECHECK CAL.ERR.DMP2V ..... TOTAL Result Count = 0 (0)
RULECHECK CAL.ERR.DMN2V ..... TOTAL Result Count = 0 (0)
RULECHECK CB.R.3.1 .......... TOTAL Result Count = 0 (0)
RULECHECK CBVIAT.EN.2 ....... TOTAL Result Count = 0 (0)
RULECHECK CBVIAT.W.2 ........ TOTAL Result Count = 0 (0)
RULECHECK CBVIAT.S.3 ........ TOTAL Result Count = 0 (0)
RULECHECK CBVIAT.S.4 ........ TOTAL Result Count = 0 (0)
RULECHECK CBVIAT.DN.1 ....... TOTAL Result Count = 0 (0)
RULECHECK CB.R.2a ........... TOTAL Result Count = 0 (0)
RULECHECK CAL.ERR.OFFGRID ... TOTAL Result Count = 0 (0)
----------------------------------------------------------------------------------
--- RULECHECK RESULTS STATISTICS (BY CELL)
---
CELL test_1017 ......... TOTAL Result Count = 1 (1)
    RULECHECK PO.C.1 ... TOTAL Result Count = 1 (1)
----------------------------------------------------------------------------------
--- SUMMARY
---
TOTAL CPU Time:                  0
TOTAL REAL Time:                 2
TOTAL Original Layer Geometries: 34 (34)
TOTAL DRC RuleChecks Executed:   231
TOTAL DRC Results Generated:     1 (1)
